2026-01-31 07:35:41 request.php - https://api.moysklad.ru/api/remap/1.2/entity/customerorder/be68549b-fdd3-11f0-0a80-1ab400190a85?expand=attributes GET 401  {"errors":[{"error":"Ошибка аутентификации: Неправильный или просроченный ключ доступа","code":1056,"moreInfo":"https://dev.moysklad.ru/doc/api/remap/1.2/#/errors#error_1056"}]}
2026-01-31 07:35:41 First Authorize success {"access_token":"a73b7f662a541264716500ebb3c3cdf391067482"}
2026-01-31 08:33:45 request.php - https://api.moysklad.ru/api/remap/1.2/entity/customerorder/62fe387d-fdd8-11f0-0a80-1823001a4462?expand=attributes GET 401  {"errors":[{"error":"Ошибка аутентификации: Неправильный или просроченный ключ доступа","code":1056,"moreInfo":"https://dev.moysklad.ru/doc/api/remap/1.2/#/errors#error_1056"}]}
2026-01-31 08:33:45 First Authorize success {"access_token":"4da55959dc541b37ff9c83da278de80afa295cc2"}
2026-01-31 08:36:16 request.php - https://api.moysklad.ru/api/remap/1.2/entity/customerorder/1826b8c2-fde1-11f0-0a80-07a6001dd633?expand=attributes GET 401  {"errors":[{"error":"Ошибка аутентификации: Неправильный или просроченный ключ доступа","code":1056,"moreInfo":"https://dev.moysklad.ru/doc/api/remap/1.2/#/errors#error_1056"}]}
2026-01-31 08:36:16 First Authorize success {"access_token":"1b162daa73487e957841df6f8390ef40d0ee5639"}
2026-01-31 08:41:34 request.php - https://api.moysklad.ru/api/remap/1.2/entity/customerorder/05192408-fdea-11f0-0a80-1823001ef33c?expand=attributes GET 401  {"errors":[{"error":"Ошибка аутентификации: Неправильный или просроченный ключ доступа","code":1056,"moreInfo":"https://dev.moysklad.ru/doc/api/remap/1.2/#/errors#error_1056"}]}
2026-01-31 08:41:34 First Authorize success {"access_token":"cefc28243a71dcf0f574229e93b7de5adcb77ff0"}
2026-01-31 08:45:47 request.php - https://api.moysklad.ru/api/remap/1.2/entity/customerorder/d0eab8f3-fdef-11f0-0a80-1c24001f2edc?expand=attributes GET 401  {"errors":[{"error":"Ошибка аутентификации: Неправильный или просроченный ключ доступа","code":1056,"moreInfo":"https://dev.moysklad.ru/doc/api/remap/1.2/#/errors#error_1056"}]}
2026-01-31 08:45:47 First Authorize success {"access_token":"2c54a4e409f08e2aa3b5e9239c99f18ade812852"}
2026-01-31 08:50:36 request.php - https://api.moysklad.ru/api/remap/1.2/entity/customerorder/2c92874d-fdf0-11f0-0a80-1b5d001ff9f3?expand=attributes GET 401  {"errors":[{"error":"Ошибка аутентификации: Неправильный или просроченный ключ доступа","code":1056,"moreInfo":"https://dev.moysklad.ru/doc/api/remap/1.2/#/errors#error_1056"}]}
2026-01-31 08:50:36 First Authorize success {"access_token":"146a5f814f1e0b9144251d1acb442571303c3951"}
2026-01-31 08:52:17 request.php - https://api.moysklad.ru/api/remap/1.2/entity/customerorder/91ae873d-fdfe-11f0-0a80-048e00216f8f?expand=attributes GET 401  {"errors":[{"error":"Ошибка аутентификации: Неправильный или просроченный ключ доступа","code":1056,"moreInfo":"https://dev.moysklad.ru/doc/api/remap/1.2/#/errors#error_1056"}]}
2026-01-31 08:52:17 First Authorize success {"access_token":"c204966e2bcc64bbbdbef831e551a498907a1569"}
2026-01-31 08:54:38 request.php - https://api.moysklad.ru/api/remap/1.2/entity/customerorder/78fa7035-fe05-11f0-0a80-1ab4002315cd?expand=attributes GET 401  {"errors":[{"error":"Ошибка аутентификации: Неправильный или просроченный ключ доступа","code":1056,"moreInfo":"https://dev.moysklad.ru/doc/api/remap/1.2/#/errors#error_1056"}]}
2026-01-31 08:54:39 First Authorize success {"access_token":"25c9ab9056eb79180f199437dc798846791620eb"}
2026-01-31 08:57:35 request.php - https://api.moysklad.ru/api/remap/1.2/entity/customerorder/31c91918-fe07-11f0-0a80-139100245695?expand=attributes GET 401  {"errors":[{"error":"Ошибка аутентификации: Неправильный или просроченный ключ доступа","code":1056,"moreInfo":"https://dev.moysklad.ru/doc/api/remap/1.2/#/errors#error_1056"}]}
2026-01-31 08:57:35 First Authorize success {"access_token":"80ee861090b845deefff9c9cf8793effc0791f40"}
2026-01-31 09:00:27 request.php - https://api.moysklad.ru/api/remap/1.2/entity/customerorder/81c7fae4-fe0b-11f0-0a80-0edc00241a48?expand=attributes GET 401  {"errors":[{"error":"Ошибка аутентификации: Неправильный или просроченный ключ доступа","code":1056,"moreInfo":"https://dev.moysklad.ru/doc/api/remap/1.2/#/errors#error_1056"}]}
2026-01-31 09:00:27 First Authorize success {"access_token":"cd56210084f6aaaa7c28d4fbd7dde4345dae736b"}
2026-01-31 09:03:03 request.php - https://api.moysklad.ru/api/remap/1.2/entity/customerorder/522f0c97-fe0f-11f0-0a80-1c240023bfc7?expand=attributes GET 401  {"errors":[{"error":"Ошибка аутентификации: Неправильный или просроченный ключ доступа","code":1056,"moreInfo":"https://dev.moysklad.ru/doc/api/remap/1.2/#/errors#error_1056"}]}
2026-01-31 09:03:04 First Authorize success {"access_token":"743bc4e530168a15619dd94134c64808c2b21d40"}
2026-01-31 09:07:21 request.php - https://api.moysklad.ru/api/remap/1.2/entity/customerorder/1c40c912-fe13-11f0-0a80-13910025f1f5?expand=attributes GET 401  {"errors":[{"error":"Ошибка аутентификации: Неправильный или просроченный ключ доступа","code":1056,"moreInfo":"https://dev.moysklad.ru/doc/api/remap/1.2/#/errors#error_1056"}]}
2026-01-31 09:07:21 First Authorize success {"access_token":"3e43187023090ca069313d5da53c0c76c3e50936"}
2026-01-31 09:09:04 request.php - https://api.moysklad.ru/api/remap/1.2/entity/customerorder/641d73e1-fe17-11f0-0a80-031100242888?expand=attributes GET 401  {"errors":[{"error":"Ошибка аутентификации: Неправильный или просроченный ключ доступа","code":1056,"moreInfo":"https://dev.moysklad.ru/doc/api/remap/1.2/#/errors#error_1056"}]}
2026-01-31 09:09:04 First Authorize success {"access_token":"1ffe2c8b7a403bbdd6872c1b1b8b2c6a6df72bdf"}
2026-01-31 09:10:48 request.php - https://api.moysklad.ru/api/remap/1.2/entity/customerorder/2c73deea-fe19-11f0-0a80-097400259ace?expand=attributes GET 401  {"errors":[{"error":"Ошибка аутентификации: Неправильный или просроченный ключ доступа","code":1056,"moreInfo":"https://dev.moysklad.ru/doc/api/remap/1.2/#/errors#error_1056"}]}
2026-01-31 09:10:49 First Authorize success {"access_token":"26e8c8f42725a2ef97d108b1d54ae67a10c8637b"}
2026-01-31 09:12:23 request.php - https://api.moysklad.ru/api/remap/1.2/entity/customerorder/7bdd1c03-fe1a-11f0-0a80-09740025b3f1?expand=attributes GET 401  {"errors":[{"error":"Ошибка аутентификации: Неправильный или просроченный ключ доступа","code":1056,"moreInfo":"https://dev.moysklad.ru/doc/api/remap/1.2/#/errors#error_1056"}]}
2026-01-31 09:12:23 First Authorize success {"access_token":"fff6017f2839eacd507dfe1ca5afc79e55d6e575"}
2026-01-31 09:15:01 request.php - https://api.moysklad.ru/api/remap/1.2/entity/customerorder/705237f1-fe35-11f0-0a80-1c240027bb84?expand=attributes GET 401  {"errors":[{"error":"Ошибка аутентификации: Неправильный или просроченный ключ доступа","code":1056,"moreInfo":"https://dev.moysklad.ru/doc/api/remap/1.2/#/errors#error_1056"}]}
2026-01-31 09:15:01 First Authorize success {"access_token":"644170a14ab983842a728cbdca6e4275bd75a649"}
2026-01-31 09:17:20 request.php - https://api.moysklad.ru/api/remap/1.2/entity/customerorder/50c4f280-fe4d-11f0-0a80-0150002abb3e?expand=attributes GET 401  {"errors":[{"error":"Ошибка аутентификации: Неправильный или просроченный ключ доступа","code":1056,"moreInfo":"https://dev.moysklad.ru/doc/api/remap/1.2/#/errors#error_1056"}]}
2026-01-31 09:17:20 First Authorize success {"access_token":"46ce45746c096c7177a6b96e36966ef21056afe7"}
2026-01-31 09:19:21 request.php - https://api.moysklad.ru/api/remap/1.2/entity/customerorder/de7dc2fe-fe5a-11f0-0a80-1823002ca1ff?expand=attributes GET 401  {"errors":[{"error":"Ошибка аутентификации: Неправильный или просроченный ключ доступа","code":1056,"moreInfo":"https://dev.moysklad.ru/doc/api/remap/1.2/#/errors#error_1056"}]}
2026-01-31 09:19:21 First Authorize success {"access_token":"98f6ea07f2de13bf3493a6dd08566ae2428c533d"}
2026-01-31 09:22:11 request.php - https://api.moysklad.ru/api/remap/1.2/entity/customerorder/772d1934-fe6c-11f0-0a80-0974002e7446?expand=attributes GET 401  {"errors":[{"error":"Ошибка аутентификации: Неправильный или просроченный ключ доступа","code":1056,"moreInfo":"https://dev.moysklad.ru/doc/api/remap/1.2/#/errors#error_1056"}]}
2026-01-31 09:22:11 First Authorize success {"access_token":"d5230e6179ebb9203897a862b0b9e942424fd709"}
2026-01-31 11:01:16 request.php - https://api.moysklad.ru/api/remap/1.2/entity/customerorder/34b2734d-fe78-11f0-0a80-00bf0030f66c?expand=attributes GET 401  {"errors":[{"error":"Ошибка аутентификации: Неправильный или просроченный ключ доступа","code":1056,"moreInfo":"https://dev.moysklad.ru/doc/api/remap/1.2/#/errors#error_1056"}]}
2026-01-31 11:01:17 First Authorize success {"access_token":"a178026c3f6ad05ac943b3dfa904e1a518ff1eab"}
2026-01-31 14:37:53 request.php - https://api.moysklad.ru/api/remap/1.2/entity/customerorder/17d2a6d3-fe80-11f0-0a80-1ab400313389?expand=attributes GET 401  {"errors":[{"error":"Ошибка аутентификации: Неправильный или просроченный ключ доступа","code":1056,"moreInfo":"https://dev.moysklad.ru/doc/api/remap/1.2/#/errors#error_1056"}]}
2026-01-31 14:37:53 First Authorize success {"access_token":"526e72d74fe735ca47c23ae33523893ef10e1667"}
