2026-01-30 08:12:23 request.php - https://api.moysklad.ru/api/remap/1.2/entity/customerorder/a7ba1bab-fb1a-11f0-0a80-061f0001beca?expand=attributes GET 401  {"errors":[{"error":"Ошибка аутентификации: Неправильный или просроченный ключ доступа","code":1056,"moreInfo":"https://dev.moysklad.ru/doc/api/remap/1.2/#/errors#error_1056"}]}
2026-01-30 08:12:23 First Authorize success {"access_token":"12131030bbc231d04ab3b048a6f6c6d1fe688db9"}
2026-01-30 10:05:02 request.php - https://api.moysklad.ru/api/remap/1.2/entity/customerorder/46d6270e-fd10-11f0-0a80-07a10018d5f1?expand=attributes GET 401  {"errors":[{"error":"Ошибка аутентификации: Неправильный или просроченный ключ доступа","code":1056,"moreInfo":"https://dev.moysklad.ru/doc/api/remap/1.2/#/errors#error_1056"}]}
2026-01-30 10:05:02 First Authorize success {"access_token":"abbde97082e0d45a6a372c9b41331d74051c22c2"}
2026-01-30 10:09:43 request.php - https://api.moysklad.ru/api/remap/1.2/entity/customerorder/05b5a7be-fd1d-11f0-0a80-1650001b8c59?expand=attributes GET 401  {"errors":[{"error":"Ошибка аутентификации: Неправильный или просроченный ключ доступа","code":1056,"moreInfo":"https://dev.moysklad.ru/doc/api/remap/1.2/#/errors#error_1056"}]}
2026-01-30 10:09:43 First Authorize success {"access_token":"5c891b474bf57f4d884a37e048a5baa7a57dad52"}
2026-01-30 10:14:39 request.php - https://api.moysklad.ru/api/remap/1.2/entity/customerorder/f95f64a2-fd24-11f0-0a80-0dd7001df228?expand=attributes GET 401  {"errors":[{"error":"Ошибка аутентификации: Неправильный или просроченный ключ доступа","code":1056,"moreInfo":"https://dev.moysklad.ru/doc/api/remap/1.2/#/errors#error_1056"}]}
2026-01-30 10:14:39 First Authorize success {"access_token":"5ca7fca238c884214a0353a30c02d251a0847be2"}
2026-01-30 10:17:23 request.php - https://api.moysklad.ru/api/remap/1.2/entity/customerorder/139c59c2-fd28-11f0-0a80-0bf0001e36c5?expand=attributes GET 401  {"errors":[{"error":"Ошибка аутентификации: Неправильный или просроченный ключ доступа","code":1056,"moreInfo":"https://dev.moysklad.ru/doc/api/remap/1.2/#/errors#error_1056"}]}
2026-01-30 10:17:23 First Authorize success {"access_token":"5b637acbf6baeb3376312823df6342690850971f"}
2026-01-30 10:19:08 request.php - https://api.moysklad.ru/api/remap/1.2/entity/customerorder/f8325685-fd39-11f0-0a80-0edc0000cb6f?expand=attributes GET 401  {"errors":[{"error":"Ошибка аутентификации: Неправильный или просроченный ключ доступа","code":1056,"moreInfo":"https://dev.moysklad.ru/doc/api/remap/1.2/#/errors#error_1056"}]}
2026-01-30 10:19:08 First Authorize success {"access_token":"3d5a000612ca04671bf8fc4d3df0511b7b5edfbd"}
2026-01-30 10:21:45 request.php - https://api.moysklad.ru/api/remap/1.2/entity/customerorder/d8b544a0-fd48-11f0-0a80-09740003192e?expand=attributes GET 401  {"errors":[{"error":"Ошибка аутентификации: Неправильный или просроченный ключ доступа","code":1056,"moreInfo":"https://dev.moysklad.ru/doc/api/remap/1.2/#/errors#error_1056"}]}
2026-01-30 10:21:46 First Authorize success {"access_token":"952a54513945826af501509dc6b34df46c590609"}
2026-01-30 10:23:56 request.php - https://api.moysklad.ru/api/remap/1.2/entity/customerorder/54b5bb2f-fd53-11f0-0a80-13910004a709?expand=attributes GET 401  {"errors":[{"error":"Ошибка аутентификации: Неправильный или просроченный ключ доступа","code":1056,"moreInfo":"https://dev.moysklad.ru/doc/api/remap/1.2/#/errors#error_1056"}]}
2026-01-30 10:23:57 First Authorize success {"access_token":"7680d691785fe888b08bda3408d4ecfeac82ba8d"}
2026-01-30 10:27:48 request.php - https://api.moysklad.ru/api/remap/1.2/entity/customerorder/0bd2eac8-fd9d-11f0-0a80-1823000d9fd8?expand=attributes GET 401  {"errors":[{"error":"Ошибка аутентификации: Неправильный или просроченный ключ доступа","code":1056,"moreInfo":"https://dev.moysklad.ru/doc/api/remap/1.2/#/errors#error_1056"}]}
2026-01-30 10:27:48 First Authorize success {"access_token":"347c25ffc6a5a198fc4193f9e0b98dd65858de83"}
2026-01-30 10:30:32 request.php - https://api.moysklad.ru/api/remap/1.2/entity/customerorder/ac48a505-fd9f-11f0-0a80-07a6000ebcae?expand=attributes GET 401  {"errors":[{"error":"Ошибка аутентификации: Неправильный или просроченный ключ доступа","code":1056,"moreInfo":"https://dev.moysklad.ru/doc/api/remap/1.2/#/errors#error_1056"}]}
2026-01-30 10:30:32 First Authorize success {"access_token":"761968ff331ba78d01fbc7fa02f0f179c084d7bd"}
2026-01-30 10:32:58 request.php - https://api.moysklad.ru/api/remap/1.2/entity/customerorder/cbaaef44-fdac-11f0-0a80-01500010e07d?expand=attributes GET 401  {"errors":[{"error":"Ошибка аутентификации: Неправильный или просроченный ключ доступа","code":1056,"moreInfo":"https://dev.moysklad.ru/doc/api/remap/1.2/#/errors#error_1056"}]}
2026-01-30 10:32:58 First Authorize success {"access_token":"fbd25524a9357149b6e4d19607d2abb51b6740fe"}
2026-01-30 13:34:21 request.php - https://api.moysklad.ru/api/remap/1.2/entity/customerorder/677c0f59-fdb5-11f0-0a80-18230012ac59?expand=attributes GET 401  {"errors":[{"error":"Ошибка аутентификации: Неправильный или просроченный ключ доступа","code":1056,"moreInfo":"https://dev.moysklad.ru/doc/api/remap/1.2/#/errors#error_1056"}]}
2026-01-30 13:34:22 First Authorize success {"access_token":"5469228918914607d90ff9c35a1e8df628a3c426"}
2026-01-30 13:39:06 request.php - https://api.moysklad.ru/api/remap/1.2/entity/customerorder/2c7acd9a-fdc0-11f0-0a80-18230014ff75?expand=attributes GET 401  {"errors":[{"error":"Ошибка аутентификации: Неправильный или просроченный ключ доступа","code":1056,"moreInfo":"https://dev.moysklad.ru/doc/api/remap/1.2/#/errors#error_1056"}]}
2026-01-30 13:39:06 First Authorize success {"access_token":"a88380587588a94f9b973ca8cba3a250f7118b5f"}
2026-01-30 13:43:06 request.php - https://api.moysklad.ru/api/remap/1.2/entity/customerorder/6295ef69-fdc0-11f0-0a80-08390014e9f8?expand=attributes GET 401  {"errors":[{"error":"Ошибка аутентификации: Неправильный или просроченный ключ доступа","code":1056,"moreInfo":"https://dev.moysklad.ru/doc/api/remap/1.2/#/errors#error_1056"}]}
2026-01-30 13:43:06 First Authorize success {"access_token":"2cff7073671aa248470b1febde2bdc52f6ec6e7d"}
2026-01-30 14:05:03 request.php - https://api.moysklad.ru/api/remap/1.2/entity/customerorder/99a81ee9-fdca-11f0-0a80-048e001696d0?expand=attributes GET 401  {"errors":[{"error":"Ошибка аутентификации: Неправильный или просроченный ключ доступа","code":1056,"moreInfo":"https://dev.moysklad.ru/doc/api/remap/1.2/#/errors#error_1056"}]}
2026-01-30 14:05:04 First Authorize success {"access_token":"e197561bea513286e0947f9747b2f884a26bd9ae"}
2026-01-30 14:41:26 request.php - https://api.moysklad.ru/api/remap/1.2/entity/customerorder/0b8c14bb-fdcd-11f0-0a80-00bf00177f94?expand=attributes GET 401  {"errors":[{"error":"Ошибка аутентификации: Неправильный или просроченный ключ доступа","code":1056,"moreInfo":"https://dev.moysklad.ru/doc/api/remap/1.2/#/errors#error_1056"}]}
2026-01-30 14:41:26 First Authorize success {"access_token":"c228d4e3dea399b1fd3ca4fd584b7e013764af3d"}
